aber während
aber wie auch immer
aber wirklich
Abgesehen davon
abgesehen von
allein
allerdings
alles das selbe
andererseits
Andernfalls
andernteils
andererseits
Anders verhält es sich bei
auf der anderen Seite
Auf der einen Seite
Auf jeden fall
auf jeden Fall
außer
bei anderen Veranstaltungen
bloß dass
dagegen
dahingegen
das ist nicht der Fall
dementgegen
demgegenüber
Demgegenüber ist zu bedenken
dennoch
die Tatsache ist aber
die Wahrheit ist aber
die Wahrheit sagen
eher , als
eigentlich
einerseits
einesteils
entgegen
es kann sein , dass
für eine andere Sache
für nichts
gegenüber
gleichwohl
hingegen
hinwieder
hinwiederum
im Gegensatz
im gegensatz zu
immerhin
immer noch
im Vergleich
in beiden Fällen
in der Tat
in der Zwischenzeit
in einem anderen Ereignis
in einem anderen Fall
jedoch
nichtsdestotrotz
nicht nur aber auch
nicht wie
nur dass
obschon
obzwar
so etwas ist nicht der Fall
sogar so
so oder so
statt
stattdessen
tatsächlich
trotz
Trotz all dieser Gründe
trotzdem
umgekehrt
ungeachtet
ungeachtet , dass
ungeachtet dessen
welcher auch immer
wenn auch
wennschon
wennzwar
wenn nur
wider
wiederum
wiewohl
wogegen
