alldieweil 
als dass
als Ergebnis
als Folge
als Konsequenz
auf dass
auf dieser Grundlage
auf diese Weise
aufgrund der Tatsache
aufgrund dessen
aus diesem Grund
ausgehend von
bedeutet
da
dafür dass
daher
damit
dank dem
Dann so
dann was
dann zu
daraus entstehen
daraus entstehend
daraus entsteht
Daraus ergibt sich
Daraus folgt
Daraus können wir schließen
darum
davon abhängig
davon scheint es , dass
dementsprechend
demgemäß
demnach
demzufolge
denn
der Grund war das
deshalb
dessen ungeachtet
des ungeachtet
deswegen
Die Folge davon ist
drum
eine Schlussfolgerung ziehen
entsprechend
ergebend
ergo
es folgt dem
es stellte sich heraus
es stellt sich heraus
Folglich
für all das
für diesen Zweck
geschlossen werden kann
im Finale
im Hinblick auf
in Anbetracht dessen
in Betracht ziehen
in dem Fall
in diesem Fall
in diesem Sinne
in einem solchen Fall
infolge
infolgedessen
mit dieser Absicht
mit dieser Einstellung
mithin
nicht das
nichtsdestominder
nichtsdestoweniger
resultierend in
sagen wir mal
Schlussfolgerung folgt
so das
sodass
sosehr
um dessentwillen
umso mehr , als
umso weniger , als
unbeschadet dessen
unter diesen Umständen
von daher
wegen
weil
weshalb
weswegen
wobei
zu diesem Zweck
zumal
zusammenfassend
