angeblich
anscheinend
bekanntermaßen
bekanntlich
Bestimmt
bezeichnenderweise
überzeugt , dass
der Meinung , dass
erwiesenermaßen
erwiesenerweise
eventuell
fraglich
fraglos
geteilte Meinung 
gewiß
gewißlich
kein Zweifel
keinen Zweifel daran , dass
Klar
klarerweise
meinen
Meiner Erfahrung nach
Meiner Meinung nach
Mir scheint , dass
mit Notwendigkeit
mit Sicherheit
möglicherweise
muss zugeben , dass
nachgewiesenermaßen
nachweislich
natürlich
natürlicherweise
norwalerweise
notwendigerweise
offenbar
offenkundig
Offensichtlich
ohnedies
ohnehin
ohne Zweifel
plausiblerweise
scheinbar
selbstverständlich
Sicher
sicherlich
sinnigerweise
Soviel ich weiß ,
Soweit ich das beurteilen kann ,
Soweit man das beurteilen kann ,
So wie ich das sehe ,
Soviel ich weiß ,
sowieso
unumgänglich
Unwahrscheinlich
unzweifelhaft
unter allen Umständen
verdienstvollerweise
vermutlich
vielleicht
Wahrscheinlich
wenigstens
Wenn ich mich nicht täusche
wie angenommen
Wie behauptet 
wie erwarten
wie verlautet
wie zu vermuten ist
wirklich
zweifellos
zweifelsohne
in jedem Fall
auf jedem Fall
in keinem Fall
auf keinem Fall
jedenfalls
