abermals
abschließend
alles in allem
alles zu verschließen
allgemein gesprochen
Als
alsbald
alsdann
als letzter Punkt
also
Also trotzdem ,
An diesem Punkt
an erster Stelle
anfänglich
anfangs
anschließend
an zweiter Stelle
auf einem anderen Ton
auf einmal
beginnen mit
bei dieser Gelegenheit
bei einer früheren Gelegenheit
bereits
bevor
bis dahin
bis dann
bis dass 
bisher
bis jetzt
bis zu diesem Punkt
damals
danach
dann
darauf
daraufhin
das letzte Mal
davor
dazwischen
der vorherige Moment
derweil
Des Weiteren ,
die ganze Zeit
diesmal
drauf
Dritte ,
drittens
ehe
einige Zeit zuvor
endlich
erstens
erstmal
fortan
früher
fünf Minuten später
fünf Minuten zuvor
gegenwärtig
gerade eben
gleichzeitig
hernach
hierunter
hinterher
Ich habe es bereits bemerkt
im Allgemeinen
im großen und ganzen
im Großen und Ganzen
in dem Maße , dass
in der Zukunft
indes
indessen
in diesem Moment
in einem Wort
in einer Nussschale
in Summe
inzwischen
kurz bevor
kurz danach
kurz gesagt
lange vorher
letzten Endes
mittlerweile
mit Worten
nachdem
nach einer Weile
nächsten Moment
nächster Tag
nächstes Mal
Noch einmal
noch nicht
nun
nunmehr
nur ein bisschen
oben erwähnt
schließlich
schlussendlich
schon seit
seit
seitdem
seither
sobald
sodann
sofort
sogleich
solang
solange
so lange wie
sooft
später
über das nächste
um auf den Punkt zurückzukommen
um das Ganze abzurunden
um es kurz auszudruecken
um zusammenzufassen
und dann
und so
unterdes
unterdessen
von jetzt an
vor allem
vorher
vorhin
während
währenddessen
Weiter folgt
wieder aufzunehmen
wonach
worauf
woraufhin
zuallererst
zu Beginn
zu Beginn mit
zu diesem Zeitpunkt
zu dieser Zeit
zu einem anderen Anlass
zuerst
zugleich
zu guter Letzt
zuletzt
zum abschluss mit
zunächst
zur gleichen Zeit
zur selben Zeit
zurückrufen
zusammenfassen
zuvor
zweitens
zwischendurch
zwischenzeitlich
