after a time
after that
afterwards
all in all
all this time
and then
Anyway ,
as a final point
as long as
as soon as
at first
at last
at once
at that time
at the same time
at this moment
at this point
basically
before that
before then
briefly
broadly speaking
by and large
by this time
concurrently
earlier
eventually
finally
first ,
first and foremost
firstly
first of all
five minutes earlier
five minutes later
formerly
from now on
Further ,
henceforward
heretofore
hereunder
hirherto
i have already noted
immediately
in a nutshell
in a word
in conclusion
in future
in general
in short
in sum
in summary
in the end
in the first place
in the future
in the meantime
in the second place
just before
generally ,
lastly
later ,
meanwhile
Next ,
next day
next moment
next time
Now ,
on a different note
on another occasion
on a previous occasion
once again
on the whole
on this occasion
over the next
presently
previously
second ,
secondly
simultaneously
since
So anyway ,
so far
some time earlier
soon
subsequently
the last time
Then ,
the previous moment
thereafter
thereupon
Third ,
thirdly
this time
thus
to begin with
to cap it all
to conclude with
to get back to the point
to put it briefly
to resume
to start with
to summarise
to summarize
to sum up
ultimately
until then
up till that time
up to now
up to this point
while
whilst
