без сомнения
безусловно
бесспорно
быть может
в большинстве случаев
в любом случае
вероятно
верю ,
видимо
вне сомнения
возможно
вроде
вообще ,
в самом деле
всем известно, что
в сущности ,
вызывает предположение , что
говорят
действительно
догадываюсь
должно быть
допускаю
думается
думается , что
думаю
едва ли
есть предположение , что
из предположения , что
кажется ,
кажется , что
как видно
как ожидается
как предполагается
как представляется
как хорошо известно
конечно
маловероятно
может быть
можно думать
можно не сомневаться ,
можно предположить ,
можно утверждать ,
наверно
наверное
наверняка
навряд ли
надо думать ,
надо полагать ,
на мой взгляд
небось
не сомневаюсь ,
несомненно
нет сомнения , что
нет уверенности
неужели
неужто
очевидно
по-видимому
по всей вероятности
по всей видимости
пожалуй
полагаю ,
полагаю необходимым
положим
по-моему ,
по моему мнению
по-моему мнению
по моему убеждению
по сути
по существу ,
предположительно
предполагаю ,
представляется
разве
разумевается
разумеется ,
само собой ,
само собой разумеется
с моей точки зрения
собственно
с уверенностью можно
считаю ,
так ли
утверждаю ,
чаще всего
якобы
