Abfließen
Abgehen
Abgleiten
Abklingen
Ableben
Ablesen
Abnehmen
Abschaffen
Abschalten
Abschluss
Abschneiden
Absinken
Abstehen
Abstimmen
Abtreten
Abwägen
Abwracken
Abzug
Anbau
Andenken
Angebot
Anheben
Ankommen
Anliegen
Annehmen
Anschauen
Ansehen
Ansinnen
Ansparen
Ansteigen
Anwachsen
Aufbäumen
Aufbrechen
Aufbringen
Aufbürden
Aufdecken
Aufheben
Aufkommen
Aufnehmen
Aufschreiben
Aufspüren
Aufstellen
Aufstieg
Auftauen
Auftreten
Aufwerten
Ausbilden
Ausbleiben
Ausbreiten
Auseinandergehen
Auskommen
Auslaufen
Ausreden
Ausscheiden
Aussehen
Aussteigen
Auswahl
Ausweichen
Backen
Bauen
Bedarf
Bedauern
Bedenken
Befinden
Begehen
Beharren
Bekunden
Belieben
Bemühen
Benachteiligen
Benennen
Beschreiben
Bestehen
Bestehend
Besteigen
Bestrafen
Bestreben
Betragen
Betreiben
Betreten
Betrieb
Bewenden
Bezahlen
Blockieren
Brennen
Chiffrieren
Denken
Deutlich
Durchbuchstabieren
Durchgreifen
Durchsetzen
Eigen
Einbringen
Eindringen
Einfrieren
Eingehen
Eingreifen
Einhalten
Einkaufen
Einschlafen
Einsehen
Einsetzen
Einsteigen
Einstellen
Eintreffen
Eintreten
Einziehen
Empfangen
Empfinden
Entgegenwirken
Entladen
Entstehen
Erachten
Erbrechen
Erbringen
Erfahren
Ergreifen
Erhalten
Erkennen
Erlahmen
Erleben
Erlernen
Erreichen
Errichten
Erscheinen
Erschrecken
Ersetzen
Erstellen
Ersuchen
Erzielen
Essen
Exportieren
Fahren
Fehlen
Fern
Fernbleiben
Fernsehen
Fertig
Festfahren
Festmachen
Festnehmen
Festschreiben
Florieren
Folgend
Fordern
Fördern
Förderung
Fortbestehen
Fühlen
Funktionieren
Gaben
Geben
Geburt
Gedanken
Gedenken
Geeignet
Gefährdet
Gefallen
Gegensteuern
Gelingen
Geschehen
Gespräch
Gestalten
Gleich
Gleichen
Greifen
Grübeln
Halten
Handeln
Heben
Heizen
Heraufsetzen
Herausschneiden
Hergeben
Herstellen
Herunterladen
Hinausgehen
Hungern
Initiieren
Injizieren
Innehalten
Integrieren
Kennenlernen
Kicken
Knobeln
Kochen
Kommen
Können
Koordinieren
Kopieren
Laden
Lahmlegen
Lassen
Leben
Leiden
Lernen
Loben
Lösen
Lügen
Maximieren
Melde
Missbehagen
Mitbestimmen
Mitwirken
Multiplizieren
Nachdenken
Nachgeben
Nachsehen
Nachweis
Näherkommen
Nehmen
Nutzen
Öffnen
Outsourcen
Pflege
Phantasieren
Planen
Propagieren
Prosperieren
Publizieren
Rachen
Rationalisieren
Reagieren
Regenerieren
Regieren
Reiben
Reisen
Rennen
Rücken
Rücksicht
Sammeln
Schaffen
Scheinen
Scheitern
Schichten
Schleppen
Schließen
Schluss
Schnell
Schnupfen
Schreiben
Schreien
Schuld
Schweigen
Schwimmen
Sein
Singen
Sorge
Sparen
Spaziergang
Spleißen
Steigen
Sterben
Streben
Streichen
Streiten
Stürzen
Suche
Tanzen
Treffen
Treiben
Trennen
Treten
Trinken
Tun
Überdenken
Übereinkommen
Überleben
Überlegen
Überqueren
Übersetzen
Übertragen
Überwinden
Umdenken
Umfragen
Umgehen
Umlenken
Umsculung
Umsetzen
Umsteigen
Umsteuern
Unterbieten
Unterlaufen
Unterstreichen
Verbieten
Verbleiben
Verbrennen
Verderben
Vereinbart
Verfahren
Verfassen
Verfehlen
Verfeinern
Verfolgen
Vergehen
Vergießen
Vergleichen
Verhalten
Verhungern
Verkaufen
Verkennen
Verlangen
Verlassen
Verlesen
Vernehmen
Versagen
Verschieben
Verschleiern
Verschließen
Verschwinden
Versehen
Versenken
Versprech
Versprechen
Verstecken
Verstehen
Vertrauen
Vertuschen
Verwalten
Verweisen
Verwenden
Verzeihen
Verzweifeln
Vollkommen
Voranbringen
Vorankommen
Voranschreiten
Vorbehalten
Vorbringen
Vorgehen
Vorhersagen
Vorkommen
Vorliegen
Vorschlag
Vorsorgen
Vorziehen
Wagen
Wahrnehmen
Wandern
Warten
Weggehen
Weglassen
Wegwerfen
Weitergeben
Weitermachen
Werden
Wiederanknüpfen
Wirken
Wissen
Zaudern
Zugehen
Zuhören
Zurückfahren
Zurückholen
Zurückschneiden
Zurückziehen
Zusage
Zusammenbrechen
Zusammenführen
Zusammenleben
Zusammenlegen
Zusammenspiel
Zusammentragen
Zusammentreffen
Zusammenwachsen
Zusammenwirken
Zuschneiden
Zutrauen
