Abstraktion 
Agrarproduktion
Agrarsubvention 
Aktion
Akzeptation 
Anti-Terrorismus-Konvention
Antigenkombination 
Arbeitsmigration
Arbeitsmotivation
Architekturinformation 
Argumentation 
Arsenexposition
Arsenkonzentration 
Assoziation
Ausgangsposition
Ausgangssituation 
Bakterienkonzentration
Brancheninformation 
Bretton-Woods-Institution
Bush-Administration 
Ca++-Konzentration
Clinton-Administration 
Definition 
Deformation 
Deklaration
Dekompensation 
Demonstration 
Direktinvestition
Dopaminkonzentration
Dynorphinkonzentration 
Einwegfunktion 
Elternposition 
Emanzipation
Embryonenmanipulation 
Emotion 
Energieoption 
Entwicklungsorganisation
Evolution 
Exportsubvention 
Extremposition
Faszination 
Fehlfunktion 
Finanzinstitution
Finanztransaktion 
Fischsubvention 
Fluorid-Konzentration 
Formation 
Frustration
Funktion 
Führungsposition
Gegenposition
Geldtauschaktion
Generation 
Gewebegeneration
Handelsnation 
Handlungsoption 
Herrschaftsposition 
Herzfunktion
Hilfsorganisation 
Hüftoperation 
Information
Incorporation
Industrienation 
Infektion 
Information
Innovation 
Institution 
Instruktion
Intuition 
Investition 
Ionenreaktion
Kalziumkonzentration 
Kation 
Kindposition
Koalition 
Kombination 
Kommunikation
Komplexkonstellation Kondition 
Konstellation
Konstruktion 
Konsultation 
Konvention
Konzentration
Konzeption 
Korrelation 
Korruption 
Lektion 
Machtkonstellation
Maßenzivilisation 
Menschenrechtskonvention 
Migrantenassoziation
Modulfunktion
Motivation 
Nation 
Naturschutzorganisation 
Negation 
Nicht-Regierungsorganisation
Nichtregierungsorganisation 
Opposition 
Option 
Organfunktion 
Organisation
Pattsituation
Pechsituation 
Pfoertnerfunktion 
Population 
Position 
Preisrelation
Produktinformation
Proteininformation 
Proteinteilinformation Qualifikation 
Ration
Regierungsdelegation
Relaisstation
Relation 
Resolution
Revolution 
Rio-Deklaration
Sanktion
Schlüsselfunktion 
Sendestation 
Situation
Solidaritätsorganisation
Spielsituation 
Spitzenposition
Station
Steuerungsfunktion
Stoffwechselfunktion
Stoffwechselreaktion 
Stresssituation
Subvention Summation
Teilinformation
Telekommunikation
Tradition 
Transkription
Trennungssituation
UN-Organisation
Unternehmensinformation
Unternehmenskonzentration 
VN-Resolution 
Verbraucherorganisation
Verhandlungsoption
Verhandlungsposition 
Virusinfektion Waldkonvention 
Weltgesundheitsorganisation
Welthandelsorganisation 
Wertrelation 
Wettbewerbsposition 
Widerstandsfunktion
Wirtschaftsnation
Wirtschaftssanktion 
Zellfunktion
Kleidung
Randbedingung
Leitung
Stellung
Verpflichtung
Erfindung
Vorstellung
Flugrichtung
Handelsbeziehung
Lebensbedingung
Ermächtigung
Rahmenbedingung
Patentlösung
Investitionsbedingung
Verantwortung
Rechnung
Milleniumserklärung
Achtung
Zivilbevölkerung
WTO-Vereinbarung
Schlussfolgerung
Arbeiterbewegung
Betonung
Proteinverbindung
Festung
Beziehung
Erklärung
Verfügung
VN-Generalversammlung
Bedingung
Rohrleitung
Verhandlung
Ursprung
Handelsordnung
Verbindung
Zeitung
Versammlung
Bush-Regierung
Erscheinung
Lösung
Regierung
Ernährung
Ausbildung
Begeisterung
Entscheidung
Anstrengung
Eisenbahnverbindung
Hoffnung
Wahlwerbung
Musterlösung
Richtung
Bedeutung
Membranspannung
US-Regierung
Übersetzung
Herausforderung
WTO-Regelung
Führung
Mehrheitsentscheidung
Beschäftigung
Weltbevölkerung
Clinton-Regierung
Vorbedingung
Erfahrung
Zustimmung
Bedrohung
Viruserkrankung
Kioto-Verpflichtung
Bundesregierung
Voraussetzung
Bild-Zeitung
Erholung
Ordnung
Verordnung
Meinung
Wasserleitung
Verfassung
Bevölkerung
Ergänzung
Idealbedingung
WTO-Verhandlung
Stimmung
Abschlusssitzung
Finanzdienstleistung
Nebenbedingung
Fassung
Bewegung
Sozialhilfezahlung
Wirtschaftsleistung
Zielrichtung
Umgebung
Arbeitsbedingung
Lebenserwartung
Schulbildung
Wettbewerbsbedingung
Tagesordnung
TRIPS-Verpflichtung
Währung
Sitzung
Ankündigung
Abordnung
Abschlusserklärung
Absichtserklärung
Abteilung
Adressanweisung
Andeutung
Anforderung
Anleitung
Anmerkung
Anpassungsleistung
Anweisung
Arbeitsbeziehung
Arbeitsleistung
Arsenbelastung
Arsenverbindung
Atombindung
Aufbruchsstimmung
Auffassung
Auseinandersetzung
Ausstellung
Bauanleitung
Begegnung
Behauptung
Bemühung
Beratungsleistung
Berechtigung
Berufsausbildung
Beziehungserfahrung
Bildungseinrichtung
Buchhaltung
DDR-Währung
Daseinsberechtigung
Dekompensationserscheinung
Dienstleistung Digitalisverordnung
Durchfallerkrankung
EU-Verfassung
Eigenverantwortung
Eignung
Eine-für-alle-Lösung
Einleitung
Einrichtung
Empfehlung
Energiedienstleistung
Entzugserscheinung
Erinnerung
Erkrankung
Erwartungshaltung
Erwerbsbevölkerung
Finanzentscheidung
Firmengemeinschaftsausstellung
Fluoriderkrankung
Folgeerkrankung
Folgerung
Forderung
Formulierung
Forschungseinrichtung
Forschungsrichtung
Friedrich-Ebert-Stiftung
Funkausstellung
Funkdienstleistung
Gattung
Gerung
Gesamtbeschäftigung
Geschäftsführung
Gesellschaftsordnung
Gesellschaftsverfassung
Gesundheitsdienstleistung
Gewährleistung
Gleichberechtigung Gleitbewegung
Grundvorstellung
Haltung
Handlung
Handlungsempfehlung
Hauptbedrohung Herz-Kreislauf-Erkrankung
Herzerkrankung
Hochschulausbildung
HochstimmungInvestitionsentscheidung
Investitionsverhandlung
Jugenderinnerung
Kaufentscheidung
Kommunikationsdienstleistung
Konsenslösung
Konsumentscheidung
Krankenversicherung
Landbevölkerung
Leistung
Liebesbeziehung
Lizensierungsentscheidung
MEA-Verhandlung
Marketingdienstleistung
Migrationsbeziehung
MinimalforderungMissbildung
Mitteilung
Mutmaßung
Neigung
Neuanordnung
Neuausrichtung
Neubildung
Neuerung
Neuronenverbindung
Neutronenbeugung
Niederlassung
Nietzschevorlesung
Nord-Süd-Beziehung
OECD-Ministerratserklärung
Objektbeziehung
Online-Dienstleistung
Paarbeziehung
Parallelbeziehung
Prüfung
Qualifikationsanforderung
Radio-/TV-Simultansendung
Raumfahrt-Ausstellung
Rechtsordnung
Regierungserklärung
Reservewährung
Richtungsentscheidung
Rückkopplung
Rückmeldung
Salzlösung
Schlußfolgerung
Schlüsselvervaltung
Schlüsselverwaltung
Schwung
Sehstörung
Selbstverantwortung
Selbstverpflichtung
Sendung
Sozialleistung
Sozialstaatsleistung
Spitzenstellung
Staatsordnung
Stadtverwaltung
Standesordnung
Stiftung
Stimmungsaufschwung
Strategieabteilung
Strömung
Tagung
Tarifverhandlung
Telekommunikationsdienstleistung
Tigersprung
Transferleistung
Trinkwasserleitung
Trinkwasserverordnung
US-Bevölkerung
Umgebungsbedingung
Vater-Sohn-Beziehung
Vaterbeziehung
Veranstaltung
Verspätung
Verwaltung
Vorausetzung
Vorkehrung
Vorlesung
Vorsehung
Vorveranstaltung
WTO-Ordnung
Wahrung
Wasserstoffbindung
Wasserstoffbrückenbindung
Wasserstoffverbindung
Wasserströmung
Weichenstellung
Weltanschauung
Weltordnung
Weltunordnung
Weltwirtschaftsordnung
Werbung
Windströmung
Wirtschaftsbeziehung
Wirtschaftsordnung
Wirtschaftsverfassung
Wissenschaftseinrichtung
Wochenzeitung
Wohnung
Wählermeinung
Zusammenfassung
Zweierbeziehung
Äußerung Automobilausstellung
Überraschung
Übung
