abandon
acclaim
accord
achieve
across
act
add
address
advise
advocate
affect
aggregate
aim
anchor
answer
appeal
approach
arise
arrest
associate
attribute
avail
award
awarding
ban
bang
base
bear
beat
beggar
belong
bend
bet
bind
bite
blacklist
blame
bleed
blemish
blend
blight
blink
block
blow
blur
boast
boost
bounce
bow
break
breed
bring
broadcast
build
burn
burst
buy
bypass
call
calm
can
capture
care
carry
cast
catch
catching
cause
cease
champion
change
chant
chase
chatter
cheer
choose
chop
cite
claim
clamour
clatter
clear
click
climb
clone
close
clutch
clutter
collapse
collect
combat
compile
complement
compliment
conduct
construct
contest
converge
cook
coordinate
cope
cough
count
countenance
counterfeit
cover
crack
crash
craze
creep
crumble
crunch
crush
cry
curb
cure
cut
damn
dance
dare
dash
deal
decrease
deepening
defeat
define
delegate
delete
demand
deny
design
designate
develop
die
dig
dilute
dip
disarming
discard
discount
discredit
disguise
dislike
disown
display
disregard
distrust
ditch
dive
divide
double
downgrade
download
drag
drain
draw
dress
drift
drive
drop
dry
due
dump
duplicate
dwell
ease
echo
eclipse
embrace
encounter
endeavour
escape
esteem
estimate
exercising
exhaust
exploit
extract
face
fail
fall
fast-track
feel
fight
fill
finance
find
finish
fit
fix
flare
flash
flick
flip
flop
flourish
flow
flutter
fly
focus
follow
fool
forge
forget
fork
forward
foster
found
fracture
fragment
function
gain
gauge
gaze
gear
give
glance
glint
gloss
glow
go
grab
grant
grasp
grin
grow
guarantee
guard
guess
guide
gush
hack
hail
halt
halve
hammer
hang
hatch
hate
have
heap
heed
help
herald
highlight
hind
hinder
hint
hiss
hit
hold
hope
hunch
hunt
implement
impoverish
imprint
increase
inform
insert
interpret
join
jolt
judge
jump
kick
kill
knock
know
lag
lapse
last
laugh
launch
lead
leak
leap
leave
levy
license
lie
lift
like
limp
lining
link
load
lock
look
love
lower
lump
lurch
make
manage
manufacture
march
match
mean
mention
merge
mince
mirror
miss
misus
mix
mock
moderate
monitor
mount
move
muddle
need
neglect
nip
nod
note
notice
nudge
object
obtain
offer
offset
opt
outline
overcome
overflow
overload
own
paint
pale
parade
pass
patch
pause
pay
pee
permit
pick
pile
pillory
pioneer
planting
play
pledge
plug
plunder
plunge
poise
poison
pollute
pool
posture
pour
practise
praise
precede
predicate
present
preserve
press
prey
print
probe
proceed
produce
promise
protest
publish
pull
pump
punch
purchase
push
put
query
queue
quote
rage
raise
rally
reach
read
rebuild
recall
recast
receive
recruit
redesign
reek
refrain
refuse
regret
reign
reject
relapse
relaunch
release
remedy
repair
repeal
repeat
reply
reprimand
resolve
respond
rethink
retreat
return
reverse
reward
ride
rig
ring
rip
rise
roam
roll
rub
rubber-stamp
rubberstamp
run
rush
sabotage
sack
sacrifice
sail
save
say
scar
scatter
scramble
scrap
scrape
search
secure
sell
send
set
shackle
shake
shape
share
shed
shift
shoot
shoulder
shout
show
shrug
shudder
shut
sign
sink
sip
sit
sketch
slam
slant
slaughter
sleep
slide
slip
slowing
slump
slur
snap
sniff
spare
spark
speak
spearhead
splash
split
sponsor
spread
spur
squabble
square
squeeze
stab
stack
stagger
stain
stall
stamp
stand
stare
start
starve
stay
steer
stick
stink
stir
stop
streamline
stress
stretch
strike
strip
striving
struggle
stumble
suit
summon
supplement
supply
support
surrender
suspect
swap
sway
sweep
swell
swim
swing
swirl
switch
tab
tackle
tailor
take
talk
tally
tamper
tangle
tap
taunt
tear
tell
temper
thank
think
throw
thrust
tick
tie
torture
touch
trace
trail
transfer
transform
trap
travel
tread
treat
trigger
trim
trump
trust
try
tug
turn
twist
undermine
unravel
update
upgrade
uphold
urge
use
verify
visit
vote
wait
wake
walk
wander
want
warm
watch
weaken
wear
welcome
welcoming
whimper
whip
whisper
wield
win
wipe
wish
wit
witness
wonder
work
worry
worsen
worship
wrap
wreck
wrench
write
yell
yield
