90-летие
агентство
администрация
ассоциация
большинство
братство
ведомство
величество
вещество
внимание
высота
голосование
госкорпорация
государство
движение
декларация
делегация
десятилетие
дистанция
доказательство
достоинство
единство
задание
заключение
законодательство
звание
здание
землетрясение
значение
зрение
изображение
иллюстрация
имение
имущество
интеллегенция
информация
искусство
качество
коалиция
количество
коллекция
конституция
конструкция
консульство
конференция
конфигурация
концепция
корпорация
коррупция
красота
крестьянство
лекарство
мгновение
мерзлота
мероприятие
месторождение
милиция
министерство
мнение
множество
название
направление
население
наследство
нация
начальство
обращение
общество
окружение
олицетворение
операция
ополчение
оппозиция
организация
основание
отделение
Откровение
отношение
пароходство
партнерство
первенство
петиция
подразделение
позиция
поколение
полиция
полнота
положение
понятие
популяция
порция
посольство
постановление
правительство
правление
предприятие
представительство
пресс-конференция
преступление
примечание
провинция
продукция
Пророчество
пространство
протяжение
рабство
равенство
распоряжение
революция
редакция
резиденция
резолюция
решение
руководство
самоуправление
свойство
семейство
ситуация
собрание
событие
совершенство
содержание
сожаление
сообщение
сообщество
соотношение
средство
станция
суббота
творчество
телевидение
тенденция
течение
традиция
уважение
удивление
удобство
устройство
фракция
функция
хозяйство
царство
цивилизация
чистота
членство
чувство
широта
экспедиция
экспозиция
явление
